// Jest Snapshot v1, https://goo.gl/fbAQLP

exports[`<TopHeader /> it should match the snapshot 1`] = `
Object {
  "asFragment": [Function],
  "baseElement": <body>
    <div>
      <div
        class="TopHeader"
        data-testid="TopHeader"
      >
        <div
          class="Left"
        >
          <svg>
            logo.svg
          </svg>
          <ul
            class="TopHeaderMenu"
            data-testid="Menu"
          >
            <li>
              Features
            </li>
            <li>
              Pricing
            </li>
            <li>
              Resources
            </li>
          </ul>
        </div>
        <ul
          class="Account"
          data-testid="Account"
        >
          <button
            class="Button"
          >
            Login
          </button>
          <button
            class="Button active"
          >
            Sign Up
          </button>
        </ul>
      </div>
    </div>
  </body>,
  "container": <div>
    <div
      class="TopHeader"
      data-testid="TopHeader"
    >
      <div
        class="Left"
      >
        <svg>
          logo.svg
        </svg>
        <ul
          class="TopHeaderMenu"
          data-testid="Menu"
        >
          <li>
            Features
          </li>
          <li>
            Pricing
          </li>
          <li>
            Resources
          </li>
        </ul>
      </div>
      <ul
        class="Account"
        data-testid="Account"
      >
        <button
          class="Button"
        >
          Login
        </button>
        <button
          class="Button active"
        >
          Sign Up
        </button>
      </ul>
    </div>
  </div>,
  "debug": [Function],
  "findAllByAltText": [Function],
  "findAllByDisplayValue": [Function],
  "findAllByLabelText": [Function],
  "findAllByPlaceholderText": [Function],
  "findAllByRole": [Function],
  "findAllByTestId": [Function],
  "findAllByText": [Function],
  "findAllByTitle": [Function],
  "findByAltText": [Function],
  "findByDisplayValue": [Function],
  "findByLabelText": [Function],
  "findByPlaceholderText": [Function],
  "findByRole": [Function],
  "findByTestId": [Function],
  "findByText": [Function],
  "findByTitle": [Function],
  "getAllByAltText": [Function],
  "getAllByDisplayValue": [Function],
  "getAllByLabelText": [Function],
  "getAllByPlaceholderText": [Function],
  "getAllByRole": [Function],
  "getAllByTestId": [Function],
  "getAllByText": [Function],
  "getAllByTitle": [Function],
  "getByAltText": [Function],
  "getByDisplayValue": [Function],
  "getByLabelText": [Function],
  "getByPlaceholderText": [Function],
  "getByRole": [Function],
  "getByTestId": [Function],
  "getByText": [Function],
  "getByTitle": [Function],
  "queryAllByAltText": [Function],
  "queryAllByDisplayValue": [Function],
  "queryAllByLabelText": [Function],
  "queryAllByPlaceholderText": [Function],
  "queryAllByRole": [Function],
  "queryAllByTestId": [Function],
  "queryAllByText": [Function],
  "queryAllByTitle": [Function],
  "queryByAltText": [Function],
  "queryByDisplayValue": [Function],
  "queryByLabelText": [Function],
  "queryByPlaceholderText": [Function],
  "queryByRole": [Function],
  "queryByTestId": [Function],
  "queryByText": [Function],
  "queryByTitle": [Function],
  "rerender": [Function],
  "unmount": [Function],
}
`;

exports[`<TopHeader /> it should show a logo 1`] = `
Object {
  "asFragment": [Function],
  "baseElement": <body>
    <div>
      <div
        class="TopHeader"
        data-testid="TopHeader"
      >
        <div
          class="Left"
        >
          <svg>
            logo.svg
          </svg>
          <ul
            class="TopHeaderMenu"
            data-testid="Menu"
          >
            <li>
              Features
            </li>
            <li>
              Pricing
            </li>
            <li>
              Resources
            </li>
          </ul>
        </div>
        <ul
          class="Account"
          data-testid="Account"
        >
          <button
            class="Button"
          >
            Login
          </button>
          <button
            class="Button active"
          >
            Sign Up
          </button>
        </ul>
      </div>
    </div>
  </body>,
  "container": <div>
    <div
      class="TopHeader"
      data-testid="TopHeader"
    >
      <div
        class="Left"
      >
        <svg>
          logo.svg
        </svg>
        <ul
          class="TopHeaderMenu"
          data-testid="Menu"
        >
          <li>
            Features
          </li>
          <li>
            Pricing
          </li>
          <li>
            Resources
          </li>
        </ul>
      </div>
      <ul
        class="Account"
        data-testid="Account"
      >
        <button
          class="Button"
        >
          Login
        </button>
        <button
          class="Button active"
        >
          Sign Up
        </button>
      </ul>
    </div>
  </div>,
  "debug": [Function],
  "findAllByAltText": [Function],
  "findAllByDisplayValue": [Function],
  "findAllByLabelText": [Function],
  "findAllByPlaceholderText": [Function],
  "findAllByRole": [Function],
  "findAllByTestId": [Function],
  "findAllByText": [Function],
  "findAllByTitle": [Function],
  "findByAltText": [Function],
  "findByDisplayValue": [Function],
  "findByLabelText": [Function],
  "findByPlaceholderText": [Function],
  "findByRole": [Function],
  "findByTestId": [Function],
  "findByText": [Function],
  "findByTitle": [Function],
  "getAllByAltText": [Function],
  "getAllByDisplayValue": [Function],
  "getAllByLabelText": [Function],
  "getAllByPlaceholderText": [Function],
  "getAllByRole": [Function],
  "getAllByTestId": [Function],
  "getAllByText": [Function],
  "getAllByTitle": [Function],
  "getByAltText": [Function],
  "getByDisplayValue": [Function],
  "getByLabelText": [Function],
  "getByPlaceholderText": [Function],
  "getByRole": [Function],
  "getByTestId": [Function],
  "getByText": [Function],
  "getByTitle": [Function],
  "queryAllByAltText": [Function],
  "queryAllByDisplayValue": [Function],
  "queryAllByLabelText": [Function],
  "queryAllByPlaceholderText": [Function],
  "queryAllByRole": [Function],
  "queryAllByTestId": [Function],
  "queryAllByText": [Function],
  "queryAllByTitle": [Function],
  "queryByAltText": [Function],
  "queryByDisplayValue": [Function],
  "queryByLabelText": [Function],
  "queryByPlaceholderText": [Function],
  "queryByRole": [Function],
  "queryByTestId": [Function],
  "queryByText": [Function],
  "queryByTitle": [Function],
  "rerender": [Function],
  "unmount": [Function],
}
`;
