// Jest Snapshot v1, https://goo.gl/fbAQLP

exports[`<Footer /> it should match the snapshot 1`] = `
Object {
  "asFragment": [Function],
  "baseElement": <body>
    <div>
      <div
        class="Footer"
        data-testid="Footer"
      >
        <div
          class="TopFooter"
          data-testid="TopFooter"
        >
          <h1>
            Boost your Links today
          </h1>
          <button
            class="Button large active"
            data-testid="TopFooterButton"
          >
            Get Started
          </button>
        </div>
        <div
          class="BottomFooter"
          data-testid="BottomFooter"
        >
          <div
            class="Wrapper"
          >
            <svg>
              logo.svg
            </svg>
            <div
              class="MenuWrapper"
            >
              <div
                class="BottomFooterMenu"
                data-testid="BottomFooterMenu"
              >
                <div>
                  Features
                </div>
                <ul>
                  <li>
                    Link Shortening
                  </li>
                  <li>
                    Branded Links
                  </li>
                  <li>
                    Analytics
                  </li>
                </ul>
              </div>
              <div
                class="BottomFooterMenu"
                data-testid="BottomFooterMenu"
              >
                <div>
                  Resources
                </div>
                <ul>
                  <li>
                    Blog
                  </li>
                  <li>
                    Developers
                  </li>
                  <li>
                    Support
                  </li>
                </ul>
              </div>
              <div
                class="BottomFooterMenu"
                data-testid="BottomFooterMenu"
              >
                <div>
                  Company
                </div>
                <ul>
                  <li>
                    About
                  </li>
                  <li>
                    Our Team
                  </li>
                  <li>
                    Careers
                  </li>
                </ul>
              </div>
              <div
                class="Logos"
                data-testid="Logos"
              >
                <svg>
                  icon-twitter.svg
                </svg>
                <svg>
                  icon-pinterest.svg
                </svg>
                <svg>
                  icon-facebook.svg
                </svg>
                <svg>
                  icon-instagram.svg
                </svg>
              </div>
            </div>
          </div>
        </div>
      </div>
    </div>
  </body>,
  "container": <div>
    <div
      class="Footer"
      data-testid="Footer"
    >
      <div
        class="TopFooter"
        data-testid="TopFooter"
      >
        <h1>
          Boost your Links today
        </h1>
        <button
          class="Button large active"
          data-testid="TopFooterButton"
        >
          Get Started
        </button>
      </div>
      <div
        class="BottomFooter"
        data-testid="BottomFooter"
      >
        <div
          class="Wrapper"
        >
          <svg>
            logo.svg
          </svg>
          <div
            class="MenuWrapper"
          >
            <div
              class="BottomFooterMenu"
              data-testid="BottomFooterMenu"
            >
              <div>
                Features
              </div>
              <ul>
                <li>
                  Link Shortening
                </li>
                <li>
                  Branded Links
                </li>
                <li>
                  Analytics
                </li>
              </ul>
            </div>
            <div
              class="BottomFooterMenu"
              data-testid="BottomFooterMenu"
            >
              <div>
                Resources
              </div>
              <ul>
                <li>
                  Blog
                </li>
                <li>
                  Developers
                </li>
                <li>
                  Support
                </li>
              </ul>
            </div>
            <div
              class="BottomFooterMenu"
              data-testid="BottomFooterMenu"
            >
              <div>
                Company
              </div>
              <ul>
                <li>
                  About
                </li>
                <li>
                  Our Team
                </li>
                <li>
                  Careers
                </li>
              </ul>
            </div>
            <div
              class="Logos"
              data-testid="Logos"
            >
              <svg>
                icon-twitter.svg
              </svg>
              <svg>
                icon-pinterest.svg
              </svg>
              <svg>
                icon-facebook.svg
              </svg>
              <svg>
                icon-instagram.svg
              </svg>
            </div>
          </div>
        </div>
      </div>
    </div>
  </div>,
  "debug": [Function],
  "findAllByAltText": [Function],
  "findAllByDisplayValue": [Function],
  "findAllByLabelText": [Function],
  "findAllByPlaceholderText": [Function],
  "findAllByRole": [Function],
  "findAllByTestId": [Function],
  "findAllByText": [Function],
  "findAllByTitle": [Function],
  "findByAltText": [Function],
  "findByDisplayValue": [Function],
  "findByLabelText": [Function],
  "findByPlaceholderText": [Function],
  "findByRole": [Function],
  "findByTestId": [Function],
  "findByText": [Function],
  "findByTitle": [Function],
  "getAllByAltText": [Function],
  "getAllByDisplayValue": [Function],
  "getAllByLabelText": [Function],
  "getAllByPlaceholderText": [Function],
  "getAllByRole": [Function],
  "getAllByTestId": [Function],
  "getAllByText": [Function],
  "getAllByTitle": [Function],
  "getByAltText": [Function],
  "getByDisplayValue": [Function],
  "getByLabelText": [Function],
  "getByPlaceholderText": [Function],
  "getByRole": [Function],
  "getByTestId": [Function],
  "getByText": [Function],
  "getByTitle": [Function],
  "queryAllByAltText": [Function],
  "queryAllByDisplayValue": [Function],
  "queryAllByLabelText": [Function],
  "queryAllByPlaceholderText": [Function],
  "queryAllByRole": [Function],
  "queryAllByTestId": [Function],
  "queryAllByText": [Function],
  "queryAllByTitle": [Function],
  "queryByAltText": [Function],
  "queryByDisplayValue": [Function],
  "queryByLabelText": [Function],
  "queryByPlaceholderText": [Function],
  "queryByRole": [Function],
  "queryByTestId": [Function],
  "queryByText": [Function],
  "queryByTitle": [Function],
  "rerender": [Function],
  "unmount": [Function],
}
`;
